---------- Display the information in one table

qlite> SELECT * FROM VideoGamePlayers;
1|Lucas|5|false|3
2|Luigi|1|true|1
3|Linda|2|true|3
4|Maria|0|false|4
5|Marco|0|true|2
6|Nancy|3|false|5

---------- Update an item that meets some condition

sqlite> UPDATE VideoGamePlayers SET sleepy="true" WHERE coffe_cups=0;
sqlite> UPDATE VideoGamePlayers SET sleepy="false" WHERE coffe_cups>=2;
sqlite> SELECT * FROM VideoGamePlayers;
1|Lucas|5|false|3
2|Luigi|1|true|1
3|Linda|2|false|3
4|Maria|0|true|4
5|Marco|0|true|2
6|Nancy|3|false|5

---------- Display the information in both tables using one query

sqlite> SELECT * FROM VideoGamePlayers, Games WHERE VideoGamePlayers.game_id = G
ames.id;
1|Lucas|5|false|3|3|Overwatch
2|Luigi|1|true|1|1|Mario Bros
3|Linda|2|false|3|3|Overwatch
4|Maria|0|true|4|4|Skyrim
5|Marco|0|true|2|2|Legend of Zelda
6|Nancy|3|false|5|5|Robot Unicorn Attack

---------- Display a narrower selection of columns from both tables using one query.

sqlite> SELECT VideoGamePlayers.name, Games.name FROM VideoGamePlayers JOIN Game
s ON VideoGamePlayers.game_id = Games.id;
Lucas|Overwatch
Luigi|Mario Bros
Linda|Overwatch
Maria|Skyrim
Marco|Legend of Zelda
Nancy|Robot Unicorn Attack

---------- Delete an item that meets some condition.

(I deleted those who play Robot Unicorn)
sqlite> DELETE FROM VideoGamePlayers WHERE game_id = 5;
sqlite> SELECT * FROM VideoGamePlayers;
1|Lucas|5|false|3
2|Luigi|1|true|1
3|Linda|2|false|3
4|Maria|0|true|4
5|Marco|0|true|2

---------- Try a few different joins in your database.

---INNER JOIN
SELECT * FROM VideoGamePlayers INNER JOIN Games ON VideoGamePlayers.game_id = Games.id;
1|Lucas|5|false|3|3|Overwatch
2|Luigi|1|true|1|1|Mario Bros
3|Linda|2|false|3|3|Overwatch
4|Maria|0|true|4|4|Skyrim
5|Marco|0|true|2|2|Legend of Zelda

---LEFT JOIN
SELECT * FROM Games LEFT JOIN VideoGamePlayers ON Games.id = VideoGamePlayers.game_id;
1|Mario Bros|2|Luigi|1|true|1
2|Legend of Zelda|5|Marco|0|true|2
3|Overwatch|3|Linda|2|false|3
3|Overwatch|1|Lucas|5|false|3
4|Skyrim|4|Maria|0|true|4
5|Robot Unicorn Attack|||||
6|Disney Princess|||||

---RIGHT JOIN and FULL OUTER JOIN (Using sqlite3 on Windows)
Error: RIGHT and FULL OUTER JOINs are not currently supported

---LEFT EXCLUDING JOIN
SELECT * FROM Games LEFT JOIN VideoGamePlayers ON Games.id = VideoGamePlayers.game_id WHERE VideoGamePlayers.game_id IS NULL;
5|Robot Unicorn Attack|||||
6|Disney Princess|||||

----------